#UC10

mysql> select * from employee_payroll where name = 'Terisa';
+----+--------+---------+--------------+------------+--------+-----------+-----------+-------------+-----+---------+------------+
| id | name   | address | phone_number | department | gender | basic_pay | deduction | taxable_pay | tax | net_pay | start      |
+----+--------+---------+--------------+------------+--------+-----------+-----------+-------------+-----+---------+------------+
|  2 | Terisa | NULL    | NULL         | NULL       | F      |   3000000 |         0 |           0 |   0 |       0 | 2019-11-13 |
+----+--------+---------+--------------+------------+--------+-----------+-----------+-------------+-----+---------+------------+
1 row in set (0.00 sec)

mysql> INSERT INTO employee_payroll (name, department, gender, basic_pay, deduction, taxable_pay, tax, net_pay, start) VALUES ('Terisa', 'F', 3000000.00, 1000000.00, 2000000.00, 500000.00, 1500000.00, '2018-01-03');
ERROR 1136 (21S01): Column count doesn't match value count at row 1
mysql> select * from employee_payroll where name = 'Terisa';
+----+--------+---------+--------------+------------+--------+-----------+-----------+-------------+-----+---------+------------+
| id | name   | address | phone_number | department | gender | basic_pay | deduction | taxable_pay | tax | net_pay | start      |
+----+--------+---------+--------------+------------+--------+-----------+-----------+-------------+-----+---------+------------+
|  2 | Terisa | NULL    | NULL         | NULL       | F      |   3000000 |         0 |           0 |   0 |       0 | 2019-11-13 |
+----+--------+---------+--------------+------------+--------+-----------+-----------+-------------+-----+---------+------------+
1 row in set (0.00 sec)

mysql> INSERT INTO employee_payroll (name, department, gender, basic_pay, deduction, taxable_pay, tax, net_pay, start) VALUES ('Terisa', 'Marketing', 'F', 3000000.00, 1000000.00, 2000000.00, 500000.00, 1500000.00, '2018-01-03');
Query OK, 1 row affected (0.05 sec)

mysql> select * from employee_payroll where name = 'Terisa';
+----+--------+---------+--------------+------------+--------+-----------+-----------+-------------+--------+---------+------------+
| id | name   | address | phone_number | department | gender | basic_pay | deduction | taxable_pay | tax    | net_pay | start      |
+----+--------+---------+--------------+------------+--------+-----------+-----------+-------------+--------+---------+------------+
|  2 | Terisa | NULL    | NULL         | NULL       | F      |   3000000 |         0 |           0 |      0 |       0 | 2019-11-13 |
|  4 | Terisa | TBD     | NULL         | Marketing  | F      |   3000000 |   1000000 |     2000000 | 500000 | 1500000 | 2018-01-03 |
+----+--------+---------+--------------+------------+--------+-----------+-----------+-------------+--------+---------+------------+
2 rows in set (0.00 sec)

mysql> update employee_payroll set department = 'Sales' where address = 'Null';
Query OK, 0 rows affected (0.00 sec)
Rows matched: 0  Changed: 0  Warnings: 0

mysql> select * from employee_payroll where name = 'Terisa';
+----+--------+---------+--------------+------------+--------+-----------+-----------+-------------+--------+---------+------------+
| id | name   | address | phone_number | department | gender | basic_pay | deduction | taxable_pay | tax    | net_pay | start      |
+----+--------+---------+--------------+------------+--------+-----------+-----------+-------------+--------+---------+------------+
|  2 | Terisa | NULL    | NULL         | NULL       | F      |   3000000 |         0 |           0 |      0 |       0 | 2019-11-13 |
|  4 | Terisa | TBD     | NULL         | Marketing  | F      |   3000000 |   1000000 |     2000000 | 500000 | 1500000 | 2018-01-03 |
+----+--------+---------+--------------+------------+--------+-----------+-----------+-------------+--------+---------+------------+
2 rows in set (0.00 sec)

mysql>